Gitis a version control system
-easily recover files
-who introduced an issue and when?
-Roll back to previously working state


git init
git status
git add --a
git add filename
git commit -m "message"
git log
rm -rf .git
git clone "<link>"
git clone "<link>" newname
touch "<error.log>"
touch .gitignore


11) to check the status of git repository 

$ git status

12) to make your directory a git repository

$ git init

13) to make all of the files and folders in git repository ready for next commit (Or we can say putting them in staging area)

$ git add --a

14)To commit (Or we can say taking snapshot of your staged files)

$ git commit -m "<message>"

15)To see recent commits on git repository

$ git log

16)To stage particular files in your git for next commit

$ git add <file name>


